(x0Vx1Vx2Vx3)^~(x0^x16)^~(x1^x17)^~(x2^x18)^~(x3^x19)^~(x0^x1)^~(x0^x2)^~(x0^x3)^~(x1^x2)^~(x1^x3)^~(x2^x3)^(x4Vx5Vx6Vx7)^~(x4^x8)^~(x5^x9)^~(x6^x10)^~(x7^x11)^~(x4^x12)^~(x5^x13)^~(x6^x14)^~(x7^x15)^~(x4^x5)^~(x4^x6)^~(x4^x7)^~(x5^x6)^~(x5^x7)^~(x6^x7)^(x8Vx9Vx10Vx11)^~(x8^x20)^~(x9^x21)^~(x10^x22)^~(x11^x23)^~(x8^x9)^~(x8^x10)^~(x8^x11)^~(x9^x10)^~(x9^x11)^~(x10^x11)^(x12Vx13Vx14Vx15)^~(x12^x13)^~(x12^x14)^~(x12^x15)^~(x13^x14)^~(x13^x15)^~(x14^x15)^(x16Vx17Vx18Vx19)^~(x16^x4)^~(x17^x5)^~(x18^x6)^~(x19^x7)^~(x16^x17)^~(x16^x18)^~(x16^x19)^~(x17^x18)^~(x17^x19)^~(x18^x19)^(x20Vx21Vx22Vx23)^~(x20^x4)^~(x21^x5)^~(x22^x6)^~(x23^x7)^~(x20^x21)^~(x20^x22)^~(x20^x23)^~(x21^x22)^~(x21^x23)^~(x22^x23)