(x0Vx1Vx2Vx3Vx4Vx5Vx6Vx7Vx8Vx9)^~(x0^x1)^~(x0^x2)^~(x0^x3)^~(x0^x4)^~(x0^x5)^~(x0^x6)^~(x0^x7)^~(x0^x8)^~(x0^x9)^~(x1^x2)^~(x1^x3)^~(x1^x4)^~(x1^x5)^~(x1^x6)^~(x1^x7)^~(x1^x8)^~(x1^x9)^~(x2^x3)^~(x2^x4)^~(x2^x5)^~(x2^x6)^~(x2^x7)^~(x2^x8)^~(x2^x9)^~(x3^x4)^~(x3^x5)^~(x3^x6)^~(x3^x7)^~(x3^x8)^~(x3^x9)^~(x4^x5)^~(x4^x6)^~(x4^x7)^~(x4^x8)^~(x4^x9)^~(x5^x6)^~(x5^x7)^~(x5^x8)^~(x5^x9)^~(x6^x7)^~(x6^x8)^~(x6^x9)^~(x7^x8)^~(x7^x9)^~(x8^x9)^(x10Vx11Vx12Vx13Vx14Vx15Vx16Vx17Vx18Vx19)^~(x10^x11)^~(x10^x12)^~(x10^x13)^~(x10^x14)^~(x10^x15)^~(x10^x16)^~(x10^x17)^~(x10^x18)^~(x10^x19)^~(x11^x12)^~(x11^x13)^~(x11^x14)^~(x11^x15)^~(x11^x16)^~(x11^x17)^~(x11^x18)^~(x11^x19)^~(x12^x13)^~(x12^x14)^~(x12^x15)^~(x12^x16)^~(x12^x17)^~(x12^x18)^~(x12^x19)^~(x13^x14)^~(x13^x15)^~(x13^x16)^~(x13^x17)^~(x13^x18)^~(x13^x19)^~(x14^x15)^~(x14^x16)^~(x14^x17)^~(x14^x18)^~(x14^x19)^~(x15^x16)^~(x15^x17)^~(x15^x18)^~(x15^x19)^~(x16^x17)^~(x16^x18)^~(x16^x19)^~(x17^x18)^~(x17^x19)^~(x18^x19)^(x20Vx21Vx22Vx23Vx24Vx25Vx26Vx27Vx28Vx29)^~(x20^x21)^~(x20^x22)^~(x20^x23)^~(x20^x24)^~(x20^x25)^~(x20^x26)^~(x20^x27)^~(x20^x28)^~(x20^x29)^~(x21^x22)^~(x21^x23)^~(x21^x24)^~(x21^x25)^~(x21^x26)^~(x21^x27)^~(x21^x28)^~(x21^x29)^~(x22^x23)^~(x22^x24)^~(x22^x25)^~(x22^x26)^~(x22^x27)^~(x22^x28)^~(x22^x29)^~(x23^x24)^~(x23^x25)^~(x23^x26)^~(x23^x27)^~(x23^x28)^~(x23^x29)^~(x24^x25)^~(x24^x26)^~(x24^x27)^~(x24^x28)^~(x24^x29)^~(x25^x26)^~(x25^x27)^~(x25^x28)^~(x25^x29)^~(x26^x27)^~(x26^x28)^~(x26^x29)^~(x27^x28)^~(x27^x29)^~(x28^x29)^(x30Vx31Vx32Vx33Vx34Vx35Vx36Vx37Vx38Vx39)^~(x30^x31)^~(x30^x32)^~(x30^x33)^~(x30^x34)^~(x30^x35)^~(x30^x36)^~(x30^x37)^~(x30^x38)^~(x30^x39)^~(x31^x32)^~(x31^x33)^~(x31^x34)^~(x31^x35)^~(x31^x36)^~(x31^x37)^~(x31^x38)^~(x31^x39)^~(x32^x33)^~(x32^x34)^~(x32^x35)^~(x32^x36)^~(x32^x37)^~(x32^x38)^~(x32^x39)^~(x33^x34)^~(x33^x35)^~(x33^x36)^~(x33^x37)^~(x33^x38)^~(x33^x39)^~(x34^x35)^~(x34^x36)^~(x34^x37)^~(x34^x38)^~(x34^x39)^~(x35^x36)^~(x35^x37)^~(x35^x38)^~(x35^x39)^~(x36^x37)^~(x36^x38)^~(x36^x39)^~(x37^x38)^~(x37^x39)^~(x38^x39)^(x40Vx41Vx42Vx43Vx44Vx45Vx46Vx47Vx48Vx49)^~(x40^x41)^~(x40^x42)^~(x40^x43)^~(x40^x44)^~(x40^x45)^~(x40^x46)^~(x40^x47)^~(x40^x48)^~(x40^x49)^~(x41^x42)^~(x41^x43)^~(x41^x44)^~(x41^x45)^~(x41^x46)^~(x41^x47)^~(x41^x48)^~(x41^x49)^~(x42^x43)^~(x42^x44)^~(x42^x45)^~(x42^x46)^~(x42^x47)^~(x42^x48)^~(x42^x49)^~(x43^x44)^~(x43^x45)^~(x43^x46)^~(x43^x47)^~(x43^x48)^~(x43^x49)^~(x44^x45)^~(x44^x46)^~(x44^x47)^~(x44^x48)^~(x44^x49)^~(x45^x46)^~(x45^x47)^~(x45^x48)^~(x45^x49)^~(x46^x47)^~(x46^x48)^~(x46^x49)^~(x47^x48)^~(x47^x49)^~(x48^x49)