(x0Vx1Vx2Vx3Vx4Vx5)^~(x0^x1)^~(x0^x2)^~(x0^x3)^~(x0^x4)^~(x0^x5)^~(x1^x2)^~(x1^x3)^~(x1^x4)^~(x1^x5)^~(x2^x3)^~(x2^x4)^~(x2^x5)^~(x3^x4)^~(x3^x5)^~(x4^x5)^(x6Vx7Vx8Vx9Vx10Vx11)^~(x6^x18)^~(x7^x19)^~(x8^x20)^~(x9^x21)^~(x10^x22)^~(x11^x23)^~(x6^x7)^~(x6^x8)^~(x6^x9)^~(x6^x10)^~(x6^x11)^~(x7^x8)^~(x7^x9)^~(x7^x10)^~(x7^x11)^~(x8^x9)^~(x8^x10)^~(x8^x11)^~(x9^x10)^~(x9^x11)^~(x10^x11)^(x12Vx13Vx14Vx15Vx16Vx17)^~(x12^x36)^~(x13^x37)^~(x14^x38)^~(x15^x39)^~(x16^x40)^~(x17^x41)^~(x12^x13)^~(x12^x14)^~(x12^x15)^~(x12^x16)^~(x12^x17)^~(x13^x14)^~(x13^x15)^~(x13^x16)^~(x13^x17)^~(x14^x15)^~(x14^x16)^~(x14^x17)^~(x15^x16)^~(x15^x17)^~(x16^x17)^(x18Vx19Vx20Vx21Vx22Vx23)^~(x18^x24)^~(x19^x25)^~(x20^x26)^~(x21^x27)^~(x22^x28)^~(x23^x29)^~(x18^x30)^~(x19^x31)^~(x20^x32)^~(x21^x33)^~(x22^x34)^~(x23^x35)^~(x18^x19)^~(x18^x20)^~(x18^x21)^~(x18^x22)^~(x18^x23)^~(x19^x20)^~(x19^x21)^~(x19^x22)^~(x19^x23)^~(x20^x21)^~(x20^x22)^~(x20^x23)^~(x21^x22)^~(x21^x23)^~(x22^x23)^(x24Vx25Vx26Vx27Vx28Vx29)^~(x24^x25)^~(x24^x26)^~(x24^x27)^~(x24^x28)^~(x24^x29)^~(x25^x26)^~(x25^x27)^~(x25^x28)^~(x25^x29)^~(x26^x27)^~(x26^x28)^~(x26^x29)^~(x27^x28)^~(x27^x29)^~(x28^x29)^(x30Vx31Vx32Vx33Vx34Vx35)^~(x30^x24)^~(x31^x25)^~(x32^x26)^~(x33^x27)^~(x34^x28)^~(x35^x29)^~(x30^x36)^~(x31^x37)^~(x32^x38)^~(x33^x39)^~(x34^x40)^~(x35^x41)^~(x30^x42)^~(x31^x43)^~(x32^x44)^~(x33^x45)^~(x34^x46)^~(x35^x47)^~(x30^x31)^~(x30^x32)^~(x30^x33)^~(x30^x34)^~(x30^x35)^~(x31^x32)^~(x31^x33)^~(x31^x34)^~(x31^x35)^~(x32^x33)^~(x32^x34)^~(x32^x35)^~(x33^x34)^~(x33^x35)^~(x34^x35)^(x36Vx37Vx38Vx39Vx40Vx41)^~(x36^x42)^~(x37^x43)^~(x38^x44)^~(x39^x45)^~(x40^x46)^~(x41^x47)^~(x36^x37)^~(x36^x38)^~(x36^x39)^~(x36^x40)^~(x36^x41)^~(x37^x38)^~(x37^x39)^~(x37^x40)^~(x37^x41)^~(x38^x39)^~(x38^x40)^~(x38^x41)^~(x39^x40)^~(x39^x41)^~(x40^x41)^(x42Vx43Vx44Vx45Vx46Vx47)^~(x42^x43)^~(x42^x44)^~(x42^x45)^~(x42^x46)^~(x42^x47)^~(x43^x44)^~(x43^x45)^~(x43^x46)^~(x43^x47)^~(x44^x45)^~(x44^x46)^~(x44^x47)^~(x45^x46)^~(x45^x47)^~(x46^x47)^(x48Vx49Vx50Vx51Vx52Vx53)^~(x48^x49)^~(x48^x50)^~(x48^x51)^~(x48^x52)^~(x48^x53)^~(x49^x50)^~(x49^x51)^~(x49^x52)^~(x49^x53)^~(x50^x51)^~(x50^x52)^~(x50^x53)^~(x51^x52)^~(x51^x53)^~(x52^x53)^(x54Vx55Vx56Vx57Vx58Vx59)^~(x54^x55)^~(x54^x56)^~(x54^x57)^~(x54^x58)^~(x54^x59)^~(x55^x56)^~(x55^x57)^~(x55^x58)^~(x55^x59)^~(x56^x57)^~(x56^x58)^~(x56^x59)^~(x57^x58)^~(x57^x59)^~(x58^x59)^(x60Vx61Vx62Vx63Vx64Vx65)^~(x60^x61)^~(x60^x62)^~(x60^x63)^~(x60^x64)^~(x60^x65)^~(x61^x62)^~(x61^x63)^~(x61^x64)^~(x61^x65)^~(x62^x63)^~(x62^x64)^~(x62^x65)^~(x63^x64)^~(x63^x65)^~(x64^x65)^(x66Vx67Vx68Vx69Vx70Vx71)^~(x66^x67)^~(x66^x68)^~(x66^x69)^~(x66^x70)^~(x66^x71)^~(x67^x68)^~(x67^x69)^~(x67^x70)^~(x67^x71)^~(x68^x69)^~(x68^x70)^~(x68^x71)^~(x69^x70)^~(x69^x71)^~(x70^x71)^(x72Vx73Vx74Vx75Vx76Vx77)^~(x72^x73)^~(x72^x74)^~(x72^x75)^~(x72^x76)^~(x72^x77)^~(x73^x74)^~(x73^x75)^~(x73^x76)^~(x73^x77)^~(x74^x75)^~(x74^x76)^~(x74^x77)^~(x75^x76)^~(x75^x77)^~(x76^x77)^(x78Vx79Vx80Vx81Vx82Vx83)^~(x78^x79)^~(x78^x80)^~(x78^x81)^~(x78^x82)^~(x78^x83)^~(x79^x80)^~(x79^x81)^~(x79^x82)^~(x79^x83)^~(x80^x81)^~(x80^x82)^~(x80^x83)^~(x81^x82)^~(x81^x83)^~(x82^x83)^(x84Vx85Vx86Vx87Vx88Vx89)^~(x84^x85)^~(x84^x86)^~(x84^x87)^~(x84^x88)^~(x84^x89)^~(x85^x86)^~(x85^x87)^~(x85^x88)^~(x85^x89)^~(x86^x87)^~(x86^x88)^~(x86^x89)^~(x87^x88)^~(x87^x89)^~(x88^x89)^(x90Vx91Vx92Vx93Vx94Vx95)^~(x90^x91)^~(x90^x92)^~(x90^x93)^~(x90^x94)^~(x90^x95)^~(x91^x92)^~(x91^x93)^~(x91^x94)^~(x91^x95)^~(x92^x93)^~(x92^x94)^~(x92^x95)^~(x93^x94)^~(x93^x95)^~(x94^x95)^(x96Vx97Vx98Vx99Vx100Vx101)^~(x96^x97)^~(x96^x98)^~(x96^x99)^~(x96^x100)^~(x96^x101)^~(x97^x98)^~(x97^x99)^~(x97^x100)^~(x97^x101)^~(x98^x99)^~(x98^x100)^~(x98^x101)^~(x99^x100)^~(x99^x101)^~(x100^x101)