(x0Vx1)^~(x0^x1)^(x2Vx3)^~(x2^x8)^~(x3^x9)^~(x2^x10)^~(x3^x11)^~(x2^x12)^~(x3^x13)^~(x2^x3)^(x4Vx5)^~(x4^x5)^(x6Vx7)^~(x6^x10)^~(x7^x11)^~(x6^x7)^(x8Vx9)^~(x8^x12)^~(x9^x13)^~(x8^x9)^(x10Vx11)^~(x10^x12)^~(x11^x13)^~(x10^x11)^(x12Vx13)^~(x12^x13)^(x14Vx15)^~(x14^x15)^(x16Vx17)^~(x16^x17)^(x18Vx19)^~(x18^x19)^(x20Vx21)^~(x20^x21)^(x22Vx23)^~(x22^x23)^(x24Vx25)^~(x24^x25)^(x26Vx27)^~(x26^x27)^(x28Vx29)^~(x28^x29)^(x30Vx31)^~(x30^x31)