(x0Vx1)^~(x0^x2)^~(x1^x3)^~(x0^x1)^(x2Vx3)^~(x2^x4)^~(x3^x5)^~(x2^x3)^(x4Vx5)^~(x4^x0)^~(x5^x1)^~(x4^x5)