(x0Vx1Vx2Vx3)^~(x0^x1)^~(x0^x2)^~(x0^x3)^~(x1^x2)^~(x1^x3)^~(x2^x3)^(x4Vx5Vx6Vx7)^~(x4^x5)^~(x4^x6)^~(x4^x7)^~(x5^x6)^~(x5^x7)^~(x6^x7)^(x8Vx9Vx10Vx11)^~(x8^x12)^~(x9^x13)^~(x10^x14)^~(x11^x15)^~(x8^x20)^~(x9^x21)^~(x10^x22)^~(x11^x23)^~(x8^x9)^~(x8^x10)^~(x8^x11)^~(x9^x10)^~(x9^x11)^~(x10^x11)^(x12Vx13Vx14Vx15)^~(x12^x16)^~(x13^x17)^~(x14^x18)^~(x15^x19)^~(x12^x13)^~(x12^x14)^~(x12^x15)^~(x13^x14)^~(x13^x15)^~(x14^x15)^(x16Vx17Vx18Vx19)^~(x16^x17)^~(x16^x18)^~(x16^x19)^~(x17^x18)^~(x17^x19)^~(x18^x19)^(x20Vx21Vx22Vx23)^~(x20^x4)^~(x21^x5)^~(x22^x6)^~(x23^x7)^~(x20^x21)^~(x20^x22)^~(x20^x23)^~(x21^x22)^~(x21^x23)^~(x22^x23)^(x24Vx25Vx26Vx27)^~(x24^x0)^~(x25^x1)^~(x26^x2)^~(x27^x3)^~(x24^x4)^~(x25^x5)^~(x26^x6)^~(x27^x7)^~(x24^x8)^~(x25^x9)^~(x26^x10)^~(x27^x11)^~(x24^x12)^~(x25^x13)^~(x26^x14)^~(x27^x15)^~(x24^x16)^~(x25^x17)^~(x26^x18)^~(x27^x19)^~(x24^x20)^~(x25^x21)^~(x26^x22)^~(x27^x23)^~(x24^x28)^~(x25^x29)^~(x26^x30)^~(x27^x31)^~(x24^x32)^~(x25^x33)^~(x26^x34)^~(x27^x35)^~(x24^x36)^~(x25^x37)^~(x26^x38)^~(x27^x39)^~(x24^x40)^~(x25^x41)^~(x26^x42)^~(x27^x43)^~(x24^x25)^~(x24^x26)^~(x24^x27)^~(x25^x26)^~(x25^x27)^~(x26^x27)^(x28Vx29Vx30Vx31)^~(x28^x29)^~(x28^x30)^~(x28^x31)^~(x29^x30)^~(x29^x31)^~(x30^x31)^(x32Vx33Vx34Vx35)^~(x32^x33)^~(x32^x34)^~(x32^x35)^~(x33^x34)^~(x33^x35)^~(x34^x35)^(x36Vx37Vx38Vx39)^~(x36^x37)^~(x36^x38)^~(x36^x39)^~(x37^x38)^~(x37^x39)^~(x38^x39)^(x40Vx41Vx42Vx43)^~(x40^x41)^~(x40^x42)^~(x40^x43)^~(x41^x42)^~(x41^x43)^~(x42^x43)^(x44Vx45Vx46Vx47)^~(x44^x24)^~(x45^x25)^~(x46^x26)^~(x47^x27)^~(x44^x45)^~(x44^x46)^~(x44^x47)^~(x45^x46)^~(x45^x47)^~(x46^x47)^(x48Vx49Vx50Vx51)^~(x48^x24)^~(x49^x25)^~(x50^x26)^~(x51^x27)^~(x48^x49)^~(x48^x50)^~(x48^x51)^~(x49^x50)^~(x49^x51)^~(x50^x51)^(x52Vx53Vx54Vx55)^~(x52^x24)^~(x53^x25)^~(x54^x26)^~(x55^x27)^~(x52^x53)^~(x52^x54)^~(x52^x55)^~(x53^x54)^~(x53^x55)^~(x54^x55)^(x56Vx57Vx58Vx59)^~(x56^x24)^~(x57^x25)^~(x58^x26)^~(x59^x27)^~(x56^x57)^~(x56^x58)^~(x56^x59)^~(x57^x58)^~(x57^x59)^~(x58^x59)^(x60Vx61Vx62Vx63)^~(x60^x24)^~(x61^x25)^~(x62^x26)^~(x63^x27)^~(x60^x61)^~(x60^x62)^~(x60^x63)^~(x61^x62)^~(x61^x63)^~(x62^x63)