(x0Vx1Vx2)^~(x0^x1)^~(x0^x2)^~(x1^x2)^(x3Vx4Vx5)^~(x3^x6)^~(x4^x7)^~(x5^x8)^~(x3^x9)^~(x4^x10)^~(x5^x11)^~(x3^x15)^~(x4^x16)^~(x5^x17)^~(x3^x4)^~(x3^x5)^~(x4^x5)^(x6Vx7Vx8)^~(x6^x9)^~(x7^x10)^~(x8^x11)^~(x6^x15)^~(x7^x16)^~(x8^x17)^~(x6^x7)^~(x6^x8)^~(x7^x8)^(x9Vx10Vx11)^~(x9^x15)^~(x10^x16)^~(x11^x17)^~(x9^x10)^~(x9^x11)^~(x10^x11)^(x12Vx13Vx14)^~(x12^x13)^~(x12^x14)^~(x13^x14)^(x15Vx16Vx17)^~(x15^x16)^~(x15^x17)^~(x16^x17)^(x18Vx19Vx20)^~(x18^x19)^~(x18^x20)^~(x19^x20)^(x21Vx22Vx23)^~(x21^x22)^~(x21^x23)^~(x22^x23)^(x24Vx25Vx26)^~(x24^x25)^~(x24^x26)^~(x25^x26)^(x27Vx28Vx29)^~(x27^x28)^~(x27^x29)^~(x28^x29)^(x30Vx31Vx32)^~(x30^x31)^~(x30^x32)^~(x31^x32)^(x33Vx34Vx35)^~(x33^x34)^~(x33^x35)^~(x34^x35)^(x36Vx37Vx38)^~(x36^x37)^~(x36^x38)^~(x37^x38)^(x39Vx40Vx41)^~(x39^x40)^~(x39^x41)^~(x40^x41)^(x42Vx43Vx44)^~(x42^x43)^~(x42^x44)^~(x43^x44)^(x45Vx46Vx47)^~(x45^x46)^~(x45^x47)^~(x46^x47)^(x48Vx49Vx50)^~(x48^x49)^~(x48^x50)^~(x49^x50)^(x51Vx52Vx53)^~(x51^x52)^~(x51^x53)^~(x52^x53)^(x54Vx55Vx56)^~(x54^x55)^~(x54^x56)^~(x55^x56)^(x57Vx58Vx59)^~(x57^x58)^~(x57^x59)^~(x58^x59)^(x60Vx61Vx62)^~(x60^x61)^~(x60^x62)^~(x61^x62)^(x63Vx64Vx65)^~(x63^x64)^~(x63^x65)^~(x64^x65)^(x66Vx67Vx68)^~(x66^x67)^~(x66^x68)^~(x67^x68)