(x0Vx1Vx2Vx3)^~(x0^x1)^~(x0^x2)^~(x0^x3)^~(x1^x2)^~(x1^x3)^~(x2^x3)^(x4Vx5Vx6Vx7)^~(x4^x16)^~(x5^x17)^~(x6^x18)^~(x7^x19)^~(x4^x5)^~(x4^x6)^~(x4^x7)^~(x5^x6)^~(x5^x7)^~(x6^x7)^(x8Vx9Vx10Vx11)^~(x8^x9)^~(x8^x10)^~(x8^x11)^~(x9^x10)^~(x9^x11)^~(x10^x11)^(x12Vx13Vx14Vx15)^~(x12^x0)^~(x13^x1)^~(x14^x2)^~(x15^x3)^~(x12^x8)^~(x13^x9)^~(x14^x10)^~(x15^x11)^~(x12^x13)^~(x12^x14)^~(x12^x15)^~(x13^x14)^~(x13^x15)^~(x14^x15)^(x16Vx17Vx18Vx19)^~(x16^x0)^~(x17^x1)^~(x18^x2)^~(x19^x3)^~(x16^x8)^~(x17^x9)^~(x18^x10)^~(x19^x11)^~(x16^x12)^~(x17^x13)^~(x18^x14)^~(x19^x15)^~(x16^x20)^~(x17^x21)^~(x18^x22)^~(x19^x23)^~(x16^x17)^~(x16^x18)^~(x16^x19)^~(x17^x18)^~(x17^x19)^~(x18^x19)^(x20Vx21Vx22Vx23)^~(x20^x4)^~(x21^x5)^~(x22^x6)^~(x23^x7)^~(x20^x21)^~(x20^x22)^~(x20^x23)^~(x21^x22)^~(x21^x23)^~(x22^x23)