(x0Vx1Vx2Vx3Vx4Vx5Vx6Vx7Vx8Vx9)^~(x0^x1)^~(x0^x2)^~(x0^x3)^~(x0^x4)^~(x0^x5)^~(x0^x6)^~(x0^x7)^~(x0^x8)^~(x0^x9)^~(x1^x2)^~(x1^x3)^~(x1^x4)^~(x1^x5)^~(x1^x6)^~(x1^x7)^~(x1^x8)^~(x1^x9)^~(x2^x3)^~(x2^x4)^~(x2^x5)^~(x2^x6)^~(x2^x7)^~(x2^x8)^~(x2^x9)^~(x3^x4)^~(x3^x5)^~(x3^x6)^~(x3^x7)^~(x3^x8)^~(x3^x9)^~(x4^x5)^~(x4^x6)^~(x4^x7)^~(x4^x8)^~(x4^x9)^~(x5^x6)^~(x5^x7)^~(x5^x8)^~(x5^x9)^~(x6^x7)^~(x6^x8)^~(x6^x9)^~(x7^x8)^~(x7^x9)^~(x8^x9)^(x10Vx11Vx12Vx13Vx14Vx15Vx16Vx17Vx18Vx19)^~(x10^x60)^~(x11^x61)^~(x12^x62)^~(x13^x63)^~(x14^x64)^~(x15^x65)^~(x16^x66)^~(x17^x67)^~(x18^x68)^~(x19^x69)^~(x10^x11)^~(x10^x12)^~(x10^x13)^~(x10^x14)^~(x10^x15)^~(x10^x16)^~(x10^x17)^~(x10^x18)^~(x10^x19)^~(x11^x12)^~(x11^x13)^~(x11^x14)^~(x11^x15)^~(x11^x16)^~(x11^x17)^~(x11^x18)^~(x11^x19)^~(x12^x13)^~(x12^x14)^~(x12^x15)^~(x12^x16)^~(x12^x17)^~(x12^x18)^~(x12^x19)^~(x13^x14)^~(x13^x15)^~(x13^x16)^~(x13^x17)^~(x13^x18)^~(x13^x19)^~(x14^x15)^~(x14^x16)^~(x14^x17)^~(x14^x18)^~(x14^x19)^~(x15^x16)^~(x15^x17)^~(x15^x18)^~(x15^x19)^~(x16^x17)^~(x16^x18)^~(x16^x19)^~(x17^x18)^~(x17^x19)^~(x18^x19)^(x20Vx21Vx22Vx23Vx24Vx25Vx26Vx27Vx28Vx29)^~(x20^x40)^~(x21^x41)^~(x22^x42)^~(x23^x43)^~(x24^x44)^~(x25^x45)^~(x26^x46)^~(x27^x47)^~(x28^x48)^~(x29^x49)^~(x20^x21)^~(x20^x22)^~(x20^x23)^~(x20^x24)^~(x20^x25)^~(x20^x26)^~(x20^x27)^~(x20^x28)^~(x20^x29)^~(x21^x22)^~(x21^x23)^~(x21^x24)^~(x21^x25)^~(x21^x26)^~(x21^x27)^~(x21^x28)^~(x21^x29)^~(x22^x23)^~(x22^x24)^~(x22^x25)^~(x22^x26)^~(x22^x27)^~(x22^x28)^~(x22^x29)^~(x23^x24)^~(x23^x25)^~(x23^x26)^~(x23^x27)^~(x23^x28)^~(x23^x29)^~(x24^x25)^~(x24^x26)^~(x24^x27)^~(x24^x28)^~(x24^x29)^~(x25^x26)^~(x25^x27)^~(x25^x28)^~(x25^x29)^~(x26^x27)^~(x26^x28)^~(x26^x29)^~(x27^x28)^~(x27^x29)^~(x28^x29)^(x30Vx31Vx32Vx33Vx34Vx35Vx36Vx37Vx38Vx39)^~(x30^x10)^~(x31^x11)^~(x32^x12)^~(x33^x13)^~(x34^x14)^~(x35^x15)^~(x36^x16)^~(x37^x17)^~(x38^x18)^~(x39^x19)^~(x30^x20)^~(x31^x21)^~(x32^x22)^~(x33^x23)^~(x34^x24)^~(x35^x25)^~(x36^x26)^~(x37^x27)^~(x38^x28)^~(x39^x29)^~(x30^x50)^~(x31^x51)^~(x32^x52)^~(x33^x53)^~(x34^x54)^~(x35^x55)^~(x36^x56)^~(x37^x57)^~(x38^x58)^~(x39^x59)^~(x30^x31)^~(x30^x32)^~(x30^x33)^~(x30^x34)^~(x30^x35)^~(x30^x36)^~(x30^x37)^~(x30^x38)^~(x30^x39)^~(x31^x32)^~(x31^x33)^~(x31^x34)^~(x31^x35)^~(x31^x36)^~(x31^x37)^~(x31^x38)^~(x31^x39)^~(x32^x33)^~(x32^x34)^~(x32^x35)^~(x32^x36)^~(x32^x37)^~(x32^x38)^~(x32^x39)^~(x33^x34)^~(x33^x35)^~(x33^x36)^~(x33^x37)^~(x33^x38)^~(x33^x39)^~(x34^x35)^~(x34^x36)^~(x34^x37)^~(x34^x38)^~(x34^x39)^~(x35^x36)^~(x35^x37)^~(x35^x38)^~(x35^x39)^~(x36^x37)^~(x36^x38)^~(x36^x39)^~(x37^x38)^~(x37^x39)^~(x38^x39)^(x40Vx41Vx42Vx43Vx44Vx45Vx46Vx47Vx48Vx49)^~(x40^x50)^~(x41^x51)^~(x42^x52)^~(x43^x53)^~(x44^x54)^~(x45^x55)^~(x46^x56)^~(x47^x57)^~(x48^x58)^~(x49^x59)^~(x40^x41)^~(x40^x42)^~(x40^x43)^~(x40^x44)^~(x40^x45)^~(x40^x46)^~(x40^x47)^~(x40^x48)^~(x40^x49)^~(x41^x42)^~(x41^x43)^~(x41^x44)^~(x41^x45)^~(x41^x46)^~(x41^x47)^~(x41^x48)^~(x41^x49)^~(x42^x43)^~(x42^x44)^~(x42^x45)^~(x42^x46)^~(x42^x47)^~(x42^x48)^~(x42^x49)^~(x43^x44)^~(x43^x45)^~(x43^x46)^~(x43^x47)^~(x43^x48)^~(x43^x49)^~(x44^x45)^~(x44^x46)^~(x44^x47)^~(x44^x48)^~(x44^x49)^~(x45^x46)^~(x45^x47)^~(x45^x48)^~(x45^x49)^~(x46^x47)^~(x46^x48)^~(x46^x49)^~(x47^x48)^~(x47^x49)^~(x48^x49)^(x50Vx51Vx52Vx53Vx54Vx55Vx56Vx57Vx58Vx59)^~(x50^x51)^~(x50^x52)^~(x50^x53)^~(x50^x54)^~(x50^x55)^~(x50^x56)^~(x50^x57)^~(x50^x58)^~(x50^x59)^~(x51^x52)^~(x51^x53)^~(x51^x54)^~(x51^x55)^~(x51^x56)^~(x51^x57)^~(x51^x58)^~(x51^x59)^~(x52^x53)^~(x52^x54)^~(x52^x55)^~(x52^x56)^~(x52^x57)^~(x52^x58)^~(x52^x59)^~(x53^x54)^~(x53^x55)^~(x53^x56)^~(x53^x57)^~(x53^x58)^~(x53^x59)^~(x54^x55)^~(x54^x56)^~(x54^x57)^~(x54^x58)^~(x54^x59)^~(x55^x56)^~(x55^x57)^~(x55^x58)^~(x55^x59)^~(x56^x57)^~(x56^x58)^~(x56^x59)^~(x57^x58)^~(x57^x59)^~(x58^x59)^(x60Vx61Vx62Vx63Vx64Vx65Vx66Vx67Vx68Vx69)^~(x60^x50)^~(x61^x51)^~(x62^x52)^~(x63^x53)^~(x64^x54)^~(x65^x55)^~(x66^x56)^~(x67^x57)^~(x68^x58)^~(x69^x59)^~(x60^x61)^~(x60^x62)^~(x60^x63)^~(x60^x64)^~(x60^x65)^~(x60^x66)^~(x60^x67)^~(x60^x68)^~(x60^x69)^~(x61^x62)^~(x61^x63)^~(x61^x64)^~(x61^x65)^~(x61^x66)^~(x61^x67)^~(x61^x68)^~(x61^x69)^~(x62^x63)^~(x62^x64)^~(x62^x65)^~(x62^x66)^~(x62^x67)^~(x62^x68)^~(x62^x69)^~(x63^x64)^~(x63^x65)^~(x63^x66)^~(x63^x67)^~(x63^x68)^~(x63^x69)^~(x64^x65)^~(x64^x66)^~(x64^x67)^~(x64^x68)^~(x64^x69)^~(x65^x66)^~(x65^x67)^~(x65^x68)^~(x65^x69)^~(x66^x67)^~(x66^x68)^~(x66^x69)^~(x67^x68)^~(x67^x69)^~(x68^x69)^(x70Vx71Vx72Vx73Vx74Vx75Vx76Vx77Vx78Vx79)^~(x70^x71)^~(x70^x72)^~(x70^x73)^~(x70^x74)^~(x70^x75)^~(x70^x76)^~(x70^x77)^~(x70^x78)^~(x70^x79)^~(x71^x72)^~(x71^x73)^~(x71^x74)^~(x71^x75)^~(x71^x76)^~(x71^x77)^~(x71^x78)^~(x71^x79)^~(x72^x73)^~(x72^x74)^~(x72^x75)^~(x72^x76)^~(x72^x77)^~(x72^x78)^~(x72^x79)^~(x73^x74)^~(x73^x75)^~(x73^x76)^~(x73^x77)^~(x73^x78)^~(x73^x79)^~(x74^x75)^~(x74^x76)^~(x74^x77)^~(x74^x78)^~(x74^x79)^~(x75^x76)^~(x75^x77)^~(x75^x78)^~(x75^x79)^~(x76^x77)^~(x76^x78)^~(x76^x79)^~(x77^x78)^~(x77^x79)^~(x78^x79)^(x80Vx81Vx82Vx83Vx84Vx85Vx86Vx87Vx88Vx89)^~(x80^x81)^~(x80^x82)^~(x80^x83)^~(x80^x84)^~(x80^x85)^~(x80^x86)^~(x80^x87)^~(x80^x88)^~(x80^x89)^~(x81^x82)^~(x81^x83)^~(x81^x84)^~(x81^x85)^~(x81^x86)^~(x81^x87)^~(x81^x88)^~(x81^x89)^~(x82^x83)^~(x82^x84)^~(x82^x85)^~(x82^x86)^~(x82^x87)^~(x82^x88)^~(x82^x89)^~(x83^x84)^~(x83^x85)^~(x83^x86)^~(x83^x87)^~(x83^x88)^~(x83^x89)^~(x84^x85)^~(x84^x86)^~(x84^x87)^~(x84^x88)^~(x84^x89)^~(x85^x86)^~(x85^x87)^~(x85^x88)^~(x85^x89)^~(x86^x87)^~(x86^x88)^~(x86^x89)^~(x87^x88)^~(x87^x89)^~(x88^x89)^(x90Vx91Vx92Vx93Vx94Vx95Vx96Vx97Vx98Vx99)^~(x90^x91)^~(x90^x92)^~(x90^x93)^~(x90^x94)^~(x90^x95)^~(x90^x96)^~(x90^x97)^~(x90^x98)^~(x90^x99)^~(x91^x92)^~(x91^x93)^~(x91^x94)^~(x91^x95)^~(x91^x96)^~(x91^x97)^~(x91^x98)^~(x91^x99)^~(x92^x93)^~(x92^x94)^~(x92^x95)^~(x92^x96)^~(x92^x97)^~(x92^x98)^~(x92^x99)^~(x93^x94)^~(x93^x95)^~(x93^x96)^~(x93^x97)^~(x93^x98)^~(x93^x99)^~(x94^x95)^~(x94^x96)^~(x94^x97)^~(x94^x98)^~(x94^x99)^~(x95^x96)^~(x95^x97)^~(x95^x98)^~(x95^x99)^~(x96^x97)^~(x96^x98)^~(x96^x99)^~(x97^x98)^~(x97^x99)^~(x98^x99)^(x100Vx101Vx102Vx103Vx104Vx105Vx106Vx107Vx108Vx109)^~(x100^x101)^~(x100^x102)^~(x100^x103)^~(x100^x104)^~(x100^x105)^~(x100^x106)^~(x100^x107)^~(x100^x108)^~(x100^x109)^~(x101^x102)^~(x101^x103)^~(x101^x104)^~(x101^x105)^~(x101^x106)^~(x101^x107)^~(x101^x108)^~(x101^x109)^~(x102^x103)^~(x102^x104)^~(x102^x105)^~(x102^x106)^~(x102^x107)^~(x102^x108)^~(x102^x109)^~(x103^x104)^~(x103^x105)^~(x103^x106)^~(x103^x107)^~(x103^x108)^~(x103^x109)^~(x104^x105)^~(x104^x106)^~(x104^x107)^~(x104^x108)^~(x104^x109)^~(x105^x106)^~(x105^x107)^~(x105^x108)^~(x105^x109)^~(x106^x107)^~(x106^x108)^~(x106^x109)^~(x107^x108)^~(x107^x109)^~(x108^x109)^(x110Vx111Vx112Vx113Vx114Vx115Vx116Vx117Vx118Vx119)^~(x110^x111)^~(x110^x112)^~(x110^x113)^~(x110^x114)^~(x110^x115)^~(x110^x116)^~(x110^x117)^~(x110^x118)^~(x110^x119)^~(x111^x112)^~(x111^x113)^~(x111^x114)^~(x111^x115)^~(x111^x116)^~(x111^x117)^~(x111^x118)^~(x111^x119)^~(x112^x113)^~(x112^x114)^~(x112^x115)^~(x112^x116)^~(x112^x117)^~(x112^x118)^~(x112^x119)^~(x113^x114)^~(x113^x115)^~(x113^x116)^~(x113^x117)^~(x113^x118)^~(x113^x119)^~(x114^x115)^~(x114^x116)^~(x114^x117)^~(x114^x118)^~(x114^x119)^~(x115^x116)^~(x115^x117)^~(x115^x118)^~(x115^x119)^~(x116^x117)^~(x116^x118)^~(x116^x119)^~(x117^x118)^~(x117^x119)^~(x118^x119)^(x120Vx121Vx122Vx123Vx124Vx125Vx126Vx127Vx128Vx129)^~(x120^x121)^~(x120^x122)^~(x120^x123)^~(x120^x124)^~(x120^x125)^~(x120^x126)^~(x120^x127)^~(x120^x128)^~(x120^x129)^~(x121^x122)^~(x121^x123)^~(x121^x124)^~(x121^x125)^~(x121^x126)^~(x121^x127)^~(x121^x128)^~(x121^x129)^~(x122^x123)^~(x122^x124)^~(x122^x125)^~(x122^x126)^~(x122^x127)^~(x122^x128)^~(x122^x129)^~(x123^x124)^~(x123^x125)^~(x123^x126)^~(x123^x127)^~(x123^x128)^~(x123^x129)^~(x124^x125)^~(x124^x126)^~(x124^x127)^~(x124^x128)^~(x124^x129)^~(x125^x126)^~(x125^x127)^~(x125^x128)^~(x125^x129)^~(x126^x127)^~(x126^x128)^~(x126^x129)^~(x127^x128)^~(x127^x129)^~(x128^x129)^(x130Vx131Vx132Vx133Vx134Vx135Vx136Vx137Vx138Vx139)^~(x130^x131)^~(x130^x132)^~(x130^x133)^~(x130^x134)^~(x130^x135)^~(x130^x136)^~(x130^x137)^~(x130^x138)^~(x130^x139)^~(x131^x132)^~(x131^x133)^~(x131^x134)^~(x131^x135)^~(x131^x136)^~(x131^x137)^~(x131^x138)^~(x131^x139)^~(x132^x133)^~(x132^x134)^~(x132^x135)^~(x132^x136)^~(x132^x137)^~(x132^x138)^~(x132^x139)^~(x133^x134)^~(x133^x135)^~(x133^x136)^~(x133^x137)^~(x133^x138)^~(x133^x139)^~(x134^x135)^~(x134^x136)^~(x134^x137)^~(x134^x138)^~(x134^x139)^~(x135^x136)^~(x135^x137)^~(x135^x138)^~(x135^x139)^~(x136^x137)^~(x136^x138)^~(x136^x139)^~(x137^x138)^~(x137^x139)^~(x138^x139)^(x140Vx141Vx142Vx143Vx144Vx145Vx146Vx147Vx148Vx149)^~(x140^x141)^~(x140^x142)^~(x140^x143)^~(x140^x144)^~(x140^x145)^~(x140^x146)^~(x140^x147)^~(x140^x148)^~(x140^x149)^~(x141^x142)^~(x141^x143)^~(x141^x144)^~(x141^x145)^~(x141^x146)^~(x141^x147)^~(x141^x148)^~(x141^x149)^~(x142^x143)^~(x142^x144)^~(x142^x145)^~(x142^x146)^~(x142^x147)^~(x142^x148)^~(x142^x149)^~(x143^x144)^~(x143^x145)^~(x143^x146)^~(x143^x147)^~(x143^x148)^~(x143^x149)^~(x144^x145)^~(x144^x146)^~(x144^x147)^~(x144^x148)^~(x144^x149)^~(x145^x146)^~(x145^x147)^~(x145^x148)^~(x145^x149)^~(x146^x147)^~(x146^x148)^~(x146^x149)^~(x147^x148)^~(x147^x149)^~(x148^x149)^(x150Vx151Vx152Vx153Vx154Vx155Vx156Vx157Vx158Vx159)^~(x150^x151)^~(x150^x152)^~(x150^x153)^~(x150^x154)^~(x150^x155)^~(x150^x156)^~(x150^x157)^~(x150^x158)^~(x150^x159)^~(x151^x152)^~(x151^x153)^~(x151^x154)^~(x151^x155)^~(x151^x156)^~(x151^x157)^~(x151^x158)^~(x151^x159)^~(x152^x153)^~(x152^x154)^~(x152^x155)^~(x152^x156)^~(x152^x157)^~(x152^x158)^~(x152^x159)^~(x153^x154)^~(x153^x155)^~(x153^x156)^~(x153^x157)^~(x153^x158)^~(x153^x159)^~(x154^x155)^~(x154^x156)^~(x154^x157)^~(x154^x158)^~(x154^x159)^~(x155^x156)^~(x155^x157)^~(x155^x158)^~(x155^x159)^~(x156^x157)^~(x156^x158)^~(x156^x159)^~(x157^x158)^~(x157^x159)^~(x158^x159)