(x0Vx1Vx2Vx3Vx4)^~(x0^x5)^~(x1^x6)^~(x2^x7)^~(x3^x8)^~(x4^x9)^~(x0^x1)^~(x0^x2)^~(x0^x3)^~(x0^x4)^~(x1^x2)^~(x1^x3)^~(x1^x4)^~(x2^x3)^~(x2^x4)^~(x3^x4)^(x5Vx6Vx7Vx8Vx9)^~(x5^x15)^~(x6^x16)^~(x7^x17)^~(x8^x18)^~(x9^x19)^~(x5^x6)^~(x5^x7)^~(x5^x8)^~(x5^x9)^~(x6^x7)^~(x6^x8)^~(x6^x9)^~(x7^x8)^~(x7^x9)^~(x8^x9)^(x10Vx11Vx12Vx13Vx14)^~(x10^x0)^~(x11^x1)^~(x12^x2)^~(x13^x3)^~(x14^x4)^~(x10^x25)^~(x11^x26)^~(x12^x27)^~(x13^x28)^~(x14^x29)^~(x10^x11)^~(x10^x12)^~(x10^x13)^~(x10^x14)^~(x11^x12)^~(x11^x13)^~(x11^x14)^~(x12^x13)^~(x12^x14)^~(x13^x14)^(x15Vx16Vx17Vx18Vx19)^~(x15^x10)^~(x16^x11)^~(x17^x12)^~(x18^x13)^~(x19^x14)^~(x15^x20)^~(x16^x21)^~(x17^x22)^~(x18^x23)^~(x19^x24)^~(x15^x16)^~(x15^x17)^~(x15^x18)^~(x15^x19)^~(x16^x17)^~(x16^x18)^~(x16^x19)^~(x17^x18)^~(x17^x19)^~(x18^x19)^(x20Vx21Vx22Vx23Vx24)^~(x20^x5)^~(x21^x6)^~(x22^x7)^~(x23^x8)^~(x24^x9)^~(x20^x21)^~(x20^x22)^~(x20^x23)^~(x20^x24)^~(x21^x22)^~(x21^x23)^~(x21^x24)^~(x22^x23)^~(x22^x24)^~(x23^x24)^(x25Vx26Vx27Vx28Vx29)^~(x25^x15)^~(x26^x16)^~(x27^x17)^~(x28^x18)^~(x29^x19)^~(x25^x20)^~(x26^x21)^~(x27^x22)^~(x28^x23)^~(x29^x24)^~(x25^x26)^~(x25^x27)^~(x25^x28)^~(x25^x29)^~(x26^x27)^~(x26^x28)^~(x26^x29)^~(x27^x28)^~(x27^x29)^~(x28^x29)