(x0Vx1Vx2Vx3Vx4)^~(x0^x1)^~(x0^x2)^~(x0^x3)^~(x0^x4)^~(x1^x2)^~(x1^x3)^~(x1^x4)^~(x2^x3)^~(x2^x4)^~(x3^x4)^(x5Vx6Vx7Vx8Vx9)^~(x5^x6)^~(x5^x7)^~(x5^x8)^~(x5^x9)^~(x6^x7)^~(x6^x8)^~(x6^x9)^~(x7^x8)^~(x7^x9)^~(x8^x9)^(x10Vx11Vx12Vx13Vx14)^~(x10^x15)^~(x11^x16)^~(x12^x17)^~(x13^x18)^~(x14^x19)^~(x10^x11)^~(x10^x12)^~(x10^x13)^~(x10^x14)^~(x11^x12)^~(x11^x13)^~(x11^x14)^~(x12^x13)^~(x12^x14)^~(x13^x14)^(x15Vx16Vx17Vx18Vx19)^~(x15^x16)^~(x15^x17)^~(x15^x18)^~(x15^x19)^~(x16^x17)^~(x16^x18)^~(x16^x19)^~(x17^x18)^~(x17^x19)^~(x18^x19)^(x20Vx21Vx22Vx23Vx24)^~(x20^x21)^~(x20^x22)^~(x20^x23)^~(x20^x24)^~(x21^x22)^~(x21^x23)^~(x21^x24)^~(x22^x23)^~(x22^x24)^~(x23^x24)^(x25Vx26Vx27Vx28Vx29)^~(x25^x26)^~(x25^x27)^~(x25^x28)^~(x25^x29)^~(x26^x27)^~(x26^x28)^~(x26^x29)^~(x27^x28)^~(x27^x29)^~(x28^x29)^(x30Vx31Vx32Vx33Vx34)^~(x30^x5)^~(x31^x6)^~(x32^x7)^~(x33^x8)^~(x34^x9)^~(x30^x20)^~(x31^x21)^~(x32^x22)^~(x33^x23)^~(x34^x24)^~(x30^x31)^~(x30^x32)^~(x30^x33)^~(x30^x34)^~(x31^x32)^~(x31^x33)^~(x31^x34)^~(x32^x33)^~(x32^x34)^~(x33^x34)^(x35Vx36Vx37Vx38Vx39)^~(x35^x36)^~(x35^x37)^~(x35^x38)^~(x35^x39)^~(x36^x37)^~(x36^x38)^~(x36^x39)^~(x37^x38)^~(x37^x39)^~(x38^x39)^(x40Vx41Vx42Vx43Vx44)^~(x40^x41)^~(x40^x42)^~(x40^x43)^~(x40^x44)^~(x41^x42)^~(x41^x43)^~(x41^x44)^~(x42^x43)^~(x42^x44)^~(x43^x44)^(x45Vx46Vx47Vx48Vx49)^~(x45^x46)^~(x45^x47)^~(x45^x48)^~(x45^x49)^~(x46^x47)^~(x46^x48)^~(x46^x49)^~(x47^x48)^~(x47^x49)^~(x48^x49)^(x50Vx51Vx52Vx53Vx54)^~(x50^x51)^~(x50^x52)^~(x50^x53)^~(x50^x54)^~(x51^x52)^~(x51^x53)^~(x51^x54)^~(x52^x53)^~(x52^x54)^~(x53^x54)^(x55Vx56Vx57Vx58Vx59)^~(x55^x56)^~(x55^x57)^~(x55^x58)^~(x55^x59)^~(x56^x57)^~(x56^x58)^~(x56^x59)^~(x57^x58)^~(x57^x59)^~(x58^x59)^(x60Vx61Vx62Vx63Vx64)^~(x60^x61)^~(x60^x62)^~(x60^x63)^~(x60^x64)^~(x61^x62)^~(x61^x63)^~(x61^x64)^~(x62^x63)^~(x62^x64)^~(x63^x64)^(x65Vx66Vx67Vx68Vx69)^~(x65^x66)^~(x65^x67)^~(x65^x68)^~(x65^x69)^~(x66^x67)^~(x66^x68)^~(x66^x69)^~(x67^x68)^~(x67^x69)^~(x68^x69)^(x70Vx71Vx72Vx73Vx74)^~(x70^x71)^~(x70^x72)^~(x70^x73)^~(x70^x74)^~(x71^x72)^~(x71^x73)^~(x71^x74)^~(x72^x73)^~(x72^x74)^~(x73^x74)^(x75Vx76Vx77Vx78Vx79)^~(x75^x76)^~(x75^x77)^~(x75^x78)^~(x75^x79)^~(x76^x77)^~(x76^x78)^~(x76^x79)^~(x77^x78)^~(x77^x79)^~(x78^x79)