(x0Vx1Vx2Vx3Vx4Vx5Vx6Vx7Vx8Vx9Vx10Vx11Vx12)^~(x0^x1)^~(x0^x2)^~(x0^x3)^~(x0^x4)^~(x0^x5)^~(x0^x6)^~(x0^x7)^~(x0^x8)^~(x0^x9)^~(x0^x10)^~(x0^x11)^~(x0^x12)^~(x1^x2)^~(x1^x3)^~(x1^x4)^~(x1^x5)^~(x1^x6)^~(x1^x7)^~(x1^x8)^~(x1^x9)^~(x1^x10)^~(x1^x11)^~(x1^x12)^~(x2^x3)^~(x2^x4)^~(x2^x5)^~(x2^x6)^~(x2^x7)^~(x2^x8)^~(x2^x9)^~(x2^x10)^~(x2^x11)^~(x2^x12)^~(x3^x4)^~(x3^x5)^~(x3^x6)^~(x3^x7)^~(x3^x8)^~(x3^x9)^~(x3^x10)^~(x3^x11)^~(x3^x12)^~(x4^x5)^~(x4^x6)^~(x4^x7)^~(x4^x8)^~(x4^x9)^~(x4^x10)^~(x4^x11)^~(x4^x12)^~(x5^x6)^~(x5^x7)^~(x5^x8)^~(x5^x9)^~(x5^x10)^~(x5^x11)^~(x5^x12)^~(x6^x7)^~(x6^x8)^~(x6^x9)^~(x6^x10)^~(x6^x11)^~(x6^x12)^~(x7^x8)^~(x7^x9)^~(x7^x10)^~(x7^x11)^~(x7^x12)^~(x8^x9)^~(x8^x10)^~(x8^x11)^~(x8^x12)^~(x9^x10)^~(x9^x11)^~(x9^x12)^~(x10^x11)^~(x10^x12)^~(x11^x12)^(x13Vx14Vx15Vx16Vx17Vx18Vx19Vx20Vx21Vx22Vx23Vx24Vx25)^~(x13^x52)^~(x14^x53)^~(x15^x54)^~(x16^x55)^~(x17^x56)^~(x18^x57)^~(x19^x58)^~(x20^x59)^~(x21^x60)^~(x22^x61)^~(x23^x62)^~(x24^x63)^~(x25^x64)^~(x13^x14)^~(x13^x15)^~(x13^x16)^~(x13^x17)^~(x13^x18)^~(x13^x19)^~(x13^x20)^~(x13^x21)^~(x13^x22)^~(x13^x23)^~(x13^x24)^~(x13^x25)^~(x14^x15)^~(x14^x16)^~(x14^x17)^~(x14^x18)^~(x14^x19)^~(x14^x20)^~(x14^x21)^~(x14^x22)^~(x14^x23)^~(x14^x24)^~(x14^x25)^~(x15^x16)^~(x15^x17)^~(x15^x18)^~(x15^x19)^~(x15^x20)^~(x15^x21)^~(x15^x22)^~(x15^x23)^~(x15^x24)^~(x15^x25)^~(x16^x17)^~(x16^x18)^~(x16^x19)^~(x16^x20)^~(x16^x21)^~(x16^x22)^~(x16^x23)^~(x16^x24)^~(x16^x25)^~(x17^x18)^~(x17^x19)^~(x17^x20)^~(x17^x21)^~(x17^x22)^~(x17^x23)^~(x17^x24)^~(x17^x25)^~(x18^x19)^~(x18^x20)^~(x18^x21)^~(x18^x22)^~(x18^x23)^~(x18^x24)^~(x18^x25)^~(x19^x20)^~(x19^x21)^~(x19^x22)^~(x19^x23)^~(x19^x24)^~(x19^x25)^~(x20^x21)^~(x20^x22)^~(x20^x23)^~(x20^x24)^~(x20^x25)^~(x21^x22)^~(x21^x23)^~(x21^x24)^~(x21^x25)^~(x22^x23)^~(x22^x24)^~(x22^x25)^~(x23^x24)^~(x23^x25)^~(x24^x25)^(x26Vx27Vx28Vx29Vx30Vx31Vx32Vx33Vx34Vx35Vx36Vx37Vx38)^~(x26^x39)^~(x27^x40)^~(x28^x41)^~(x29^x42)^~(x30^x43)^~(x31^x44)^~(x32^x45)^~(x33^x46)^~(x34^x47)^~(x35^x48)^~(x36^x49)^~(x37^x50)^~(x38^x51)^~(x26^x27)^~(x26^x28)^~(x26^x29)^~(x26^x30)^~(x26^x31)^~(x26^x32)^~(x26^x33)^~(x26^x34)^~(x26^x35)^~(x26^x36)^~(x26^x37)^~(x26^x38)^~(x27^x28)^~(x27^x29)^~(x27^x30)^~(x27^x31)^~(x27^x32)^~(x27^x33)^~(x27^x34)^~(x27^x35)^~(x27^x36)^~(x27^x37)^~(x27^x38)^~(x28^x29)^~(x28^x30)^~(x28^x31)^~(x28^x32)^~(x28^x33)^~(x28^x34)^~(x28^x35)^~(x28^x36)^~(x28^x37)^~(x28^x38)^~(x29^x30)^~(x29^x31)^~(x29^x32)^~(x29^x33)^~(x29^x34)^~(x29^x35)^~(x29^x36)^~(x29^x37)^~(x29^x38)^~(x30^x31)^~(x30^x32)^~(x30^x33)^~(x30^x34)^~(x30^x35)^~(x30^x36)^~(x30^x37)^~(x30^x38)^~(x31^x32)^~(x31^x33)^~(x31^x34)^~(x31^x35)^~(x31^x36)^~(x31^x37)^~(x31^x38)^~(x32^x33)^~(x32^x34)^~(x32^x35)^~(x32^x36)^~(x32^x37)^~(x32^x38)^~(x33^x34)^~(x33^x35)^~(x33^x36)^~(x33^x37)^~(x33^x38)^~(x34^x35)^~(x34^x36)^~(x34^x37)^~(x34^x38)^~(x35^x36)^~(x35^x37)^~(x35^x38)^~(x36^x37)^~(x36^x38)^~(x37^x38)^(x39Vx40Vx41Vx42Vx43Vx44Vx45Vx46Vx47Vx48Vx49Vx50Vx51)^~(x39^x40)^~(x39^x41)^~(x39^x42)^~(x39^x43)^~(x39^x44)^~(x39^x45)^~(x39^x46)^~(x39^x47)^~(x39^x48)^~(x39^x49)^~(x39^x50)^~(x39^x51)^~(x40^x41)^~(x40^x42)^~(x40^x43)^~(x40^x44)^~(x40^x45)^~(x40^x46)^~(x40^x47)^~(x40^x48)^~(x40^x49)^~(x40^x50)^~(x40^x51)^~(x41^x42)^~(x41^x43)^~(x41^x44)^~(x41^x45)^~(x41^x46)^~(x41^x47)^~(x41^x48)^~(x41^x49)^~(x41^x50)^~(x41^x51)^~(x42^x43)^~(x42^x44)^~(x42^x45)^~(x42^x46)^~(x42^x47)^~(x42^x48)^~(x42^x49)^~(x42^x50)^~(x42^x51)^~(x43^x44)^~(x43^x45)^~(x43^x46)^~(x43^x47)^~(x43^x48)^~(x43^x49)^~(x43^x50)^~(x43^x51)^~(x44^x45)^~(x44^x46)^~(x44^x47)^~(x44^x48)^~(x44^x49)^~(x44^x50)^~(x44^x51)^~(x45^x46)^~(x45^x47)^~(x45^x48)^~(x45^x49)^~(x45^x50)^~(x45^x51)^~(x46^x47)^~(x46^x48)^~(x46^x49)^~(x46^x50)^~(x46^x51)^~(x47^x48)^~(x47^x49)^~(x47^x50)^~(x47^x51)^~(x48^x49)^~(x48^x50)^~(x48^x51)^~(x49^x50)^~(x49^x51)^~(x50^x51)^(x52Vx53Vx54Vx55Vx56Vx57Vx58Vx59Vx60Vx61Vx62Vx63Vx64)^~(x52^x53)^~(x52^x54)^~(x52^x55)^~(x52^x56)^~(x52^x57)^~(x52^x58)^~(x52^x59)^~(x52^x60)^~(x52^x61)^~(x52^x62)^~(x52^x63)^~(x52^x64)^~(x53^x54)^~(x53^x55)^~(x53^x56)^~(x53^x57)^~(x53^x58)^~(x53^x59)^~(x53^x60)^~(x53^x61)^~(x53^x62)^~(x53^x63)^~(x53^x64)^~(x54^x55)^~(x54^x56)^~(x54^x57)^~(x54^x58)^~(x54^x59)^~(x54^x60)^~(x54^x61)^~(x54^x62)^~(x54^x63)^~(x54^x64)^~(x55^x56)^~(x55^x57)^~(x55^x58)^~(x55^x59)^~(x55^x60)^~(x55^x61)^~(x55^x62)^~(x55^x63)^~(x55^x64)^~(x56^x57)^~(x56^x58)^~(x56^x59)^~(x56^x60)^~(x56^x61)^~(x56^x62)^~(x56^x63)^~(x56^x64)^~(x57^x58)^~(x57^x59)^~(x57^x60)^~(x57^x61)^~(x57^x62)^~(x57^x63)^~(x57^x64)^~(x58^x59)^~(x58^x60)^~(x58^x61)^~(x58^x62)^~(x58^x63)^~(x58^x64)^~(x59^x60)^~(x59^x61)^~(x59^x62)^~(x59^x63)^~(x59^x64)^~(x60^x61)^~(x60^x62)^~(x60^x63)^~(x60^x64)^~(x61^x62)^~(x61^x63)^~(x61^x64)^~(x62^x63)^~(x62^x64)^~(x63^x64)^(x65Vx66Vx67Vx68Vx69Vx70Vx71Vx72Vx73Vx74Vx75Vx76Vx77)^~(x65^x66)^~(x65^x67)^~(x65^x68)^~(x65^x69)^~(x65^x70)^~(x65^x71)^~(x65^x72)^~(x65^x73)^~(x65^x74)^~(x65^x75)^~(x65^x76)^~(x65^x77)^~(x66^x67)^~(x66^x68)^~(x66^x69)^~(x66^x70)^~(x66^x71)^~(x66^x72)^~(x66^x73)^~(x66^x74)^~(x66^x75)^~(x66^x76)^~(x66^x77)^~(x67^x68)^~(x67^x69)^~(x67^x70)^~(x67^x71)^~(x67^x72)^~(x67^x73)^~(x67^x74)^~(x67^x75)^~(x67^x76)^~(x67^x77)^~(x68^x69)^~(x68^x70)^~(x68^x71)^~(x68^x72)^~(x68^x73)^~(x68^x74)^~(x68^x75)^~(x68^x76)^~(x68^x77)^~(x69^x70)^~(x69^x71)^~(x69^x72)^~(x69^x73)^~(x69^x74)^~(x69^x75)^~(x69^x76)^~(x69^x77)^~(x70^x71)^~(x70^x72)^~(x70^x73)^~(x70^x74)^~(x70^x75)^~(x70^x76)^~(x70^x77)^~(x71^x72)^~(x71^x73)^~(x71^x74)^~(x71^x75)^~(x71^x76)^~(x71^x77)^~(x72^x73)^~(x72^x74)^~(x72^x75)^~(x72^x76)^~(x72^x77)^~(x73^x74)^~(x73^x75)^~(x73^x76)^~(x73^x77)^~(x74^x75)^~(x74^x76)^~(x74^x77)^~(x75^x76)^~(x75^x77)^~(x76^x77)^(x78Vx79Vx80Vx81Vx82Vx83Vx84Vx85Vx86Vx87Vx88Vx89Vx90)^~(x78^x79)^~(x78^x80)^~(x78^x81)^~(x78^x82)^~(x78^x83)^~(x78^x84)^~(x78^x85)^~(x78^x86)^~(x78^x87)^~(x78^x88)^~(x78^x89)^~(x78^x90)^~(x79^x80)^~(x79^x81)^~(x79^x82)^~(x79^x83)^~(x79^x84)^~(x79^x85)^~(x79^x86)^~(x79^x87)^~(x79^x88)^~(x79^x89)^~(x79^x90)^~(x80^x81)^~(x80^x82)^~(x80^x83)^~(x80^x84)^~(x80^x85)^~(x80^x86)^~(x80^x87)^~(x80^x88)^~(x80^x89)^~(x80^x90)^~(x81^x82)^~(x81^x83)^~(x81^x84)^~(x81^x85)^~(x81^x86)^~(x81^x87)^~(x81^x88)^~(x81^x89)^~(x81^x90)^~(x82^x83)^~(x82^x84)^~(x82^x85)^~(x82^x86)^~(x82^x87)^~(x82^x88)^~(x82^x89)^~(x82^x90)^~(x83^x84)^~(x83^x85)^~(x83^x86)^~(x83^x87)^~(x83^x88)^~(x83^x89)^~(x83^x90)^~(x84^x85)^~(x84^x86)^~(x84^x87)^~(x84^x88)^~(x84^x89)^~(x84^x90)^~(x85^x86)^~(x85^x87)^~(x85^x88)^~(x85^x89)^~(x85^x90)^~(x86^x87)^~(x86^x88)^~(x86^x89)^~(x86^x90)^~(x87^x88)^~(x87^x89)^~(x87^x90)^~(x88^x89)^~(x88^x90)^~(x89^x90)^(x91Vx92Vx93Vx94Vx95Vx96Vx97Vx98Vx99Vx100Vx101Vx102Vx103)^~(x91^x92)^~(x91^x93)^~(x91^x94)^~(x91^x95)^~(x91^x96)^~(x91^x97)^~(x91^x98)^~(x91^x99)^~(x91^x100)^~(x91^x101)^~(x91^x102)^~(x91^x103)^~(x92^x93)^~(x92^x94)^~(x92^x95)^~(x92^x96)^~(x92^x97)^~(x92^x98)^~(x92^x99)^~(x92^x100)^~(x92^x101)^~(x92^x102)^~(x92^x103)^~(x93^x94)^~(x93^x95)^~(x93^x96)^~(x93^x97)^~(x93^x98)^~(x93^x99)^~(x93^x100)^~(x93^x101)^~(x93^x102)^~(x93^x103)^~(x94^x95)^~(x94^x96)^~(x94^x97)^~(x94^x98)^~(x94^x99)^~(x94^x100)^~(x94^x101)^~(x94^x102)^~(x94^x103)^~(x95^x96)^~(x95^x97)^~(x95^x98)^~(x95^x99)^~(x95^x100)^~(x95^x101)^~(x95^x102)^~(x95^x103)^~(x96^x97)^~(x96^x98)^~(x96^x99)^~(x96^x100)^~(x96^x101)^~(x96^x102)^~(x96^x103)^~(x97^x98)^~(x97^x99)^~(x97^x100)^~(x97^x101)^~(x97^x102)^~(x97^x103)^~(x98^x99)^~(x98^x100)^~(x98^x101)^~(x98^x102)^~(x98^x103)^~(x99^x100)^~(x99^x101)^~(x99^x102)^~(x99^x103)^~(x100^x101)^~(x100^x102)^~(x100^x103)^~(x101^x102)^~(x101^x103)^~(x102^x103)^(x104Vx105Vx106Vx107Vx108Vx109Vx110Vx111Vx112Vx113Vx114Vx115Vx116)^~(x104^x105)^~(x104^x106)^~(x104^x107)^~(x104^x108)^~(x104^x109)^~(x104^x110)^~(x104^x111)^~(x104^x112)^~(x104^x113)^~(x104^x114)^~(x104^x115)^~(x104^x116)^~(x105^x106)^~(x105^x107)^~(x105^x108)^~(x105^x109)^~(x105^x110)^~(x105^x111)^~(x105^x112)^~(x105^x113)^~(x105^x114)^~(x105^x115)^~(x105^x116)^~(x106^x107)^~(x106^x108)^~(x106^x109)^~(x106^x110)^~(x106^x111)^~(x106^x112)^~(x106^x113)^~(x106^x114)^~(x106^x115)^~(x106^x116)^~(x107^x108)^~(x107^x109)^~(x107^x110)^~(x107^x111)^~(x107^x112)^~(x107^x113)^~(x107^x114)^~(x107^x115)^~(x107^x116)^~(x108^x109)^~(x108^x110)^~(x108^x111)^~(x108^x112)^~(x108^x113)^~(x108^x114)^~(x108^x115)^~(x108^x116)^~(x109^x110)^~(x109^x111)^~(x109^x112)^~(x109^x113)^~(x109^x114)^~(x109^x115)^~(x109^x116)^~(x110^x111)^~(x110^x112)^~(x110^x113)^~(x110^x114)^~(x110^x115)^~(x110^x116)^~(x111^x112)^~(x111^x113)^~(x111^x114)^~(x111^x115)^~(x111^x116)^~(x112^x113)^~(x112^x114)^~(x112^x115)^~(x112^x116)^~(x113^x114)^~(x113^x115)^~(x113^x116)^~(x114^x115)^~(x114^x116)^~(x115^x116)^(x117Vx118Vx119Vx120Vx121Vx122Vx123Vx124Vx125Vx126Vx127Vx128Vx129)^~(x117^x118)^~(x117^x119)^~(x117^x120)^~(x117^x121)^~(x117^x122)^~(x117^x123)^~(x117^x124)^~(x117^x125)^~(x117^x126)^~(x117^x127)^~(x117^x128)^~(x117^x129)^~(x118^x119)^~(x118^x120)^~(x118^x121)^~(x118^x122)^~(x118^x123)^~(x118^x124)^~(x118^x125)^~(x118^x126)^~(x118^x127)^~(x118^x128)^~(x118^x129)^~(x119^x120)^~(x119^x121)^~(x119^x122)^~(x119^x123)^~(x119^x124)^~(x119^x125)^~(x119^x126)^~(x119^x127)^~(x119^x128)^~(x119^x129)^~(x120^x121)^~(x120^x122)^~(x120^x123)^~(x120^x124)^~(x120^x125)^~(x120^x126)^~(x120^x127)^~(x120^x128)^~(x120^x129)^~(x121^x122)^~(x121^x123)^~(x121^x124)^~(x121^x125)^~(x121^x126)^~(x121^x127)^~(x121^x128)^~(x121^x129)^~(x122^x123)^~(x122^x124)^~(x122^x125)^~(x122^x126)^~(x122^x127)^~(x122^x128)^~(x122^x129)^~(x123^x124)^~(x123^x125)^~(x123^x126)^~(x123^x127)^~(x123^x128)^~(x123^x129)^~(x124^x125)^~(x124^x126)^~(x124^x127)^~(x124^x128)^~(x124^x129)^~(x125^x126)^~(x125^x127)^~(x125^x128)^~(x125^x129)^~(x126^x127)^~(x126^x128)^~(x126^x129)^~(x127^x128)^~(x127^x129)^~(x128^x129)^(x130Vx131Vx132Vx133Vx134Vx135Vx136Vx137Vx138Vx139Vx140Vx141Vx142)^~(x130^x131)^~(x130^x132)^~(x130^x133)^~(x130^x134)^~(x130^x135)^~(x130^x136)^~(x130^x137)^~(x130^x138)^~(x130^x139)^~(x130^x140)^~(x130^x141)^~(x130^x142)^~(x131^x132)^~(x131^x133)^~(x131^x134)^~(x131^x135)^~(x131^x136)^~(x131^x137)^~(x131^x138)^~(x131^x139)^~(x131^x140)^~(x131^x141)^~(x131^x142)^~(x132^x133)^~(x132^x134)^~(x132^x135)^~(x132^x136)^~(x132^x137)^~(x132^x138)^~(x132^x139)^~(x132^x140)^~(x132^x141)^~(x132^x142)^~(x133^x134)^~(x133^x135)^~(x133^x136)^~(x133^x137)^~(x133^x138)^~(x133^x139)^~(x133^x140)^~(x133^x141)^~(x133^x142)^~(x134^x135)^~(x134^x136)^~(x134^x137)^~(x134^x138)^~(x134^x139)^~(x134^x140)^~(x134^x141)^~(x134^x142)^~(x135^x136)^~(x135^x137)^~(x135^x138)^~(x135^x139)^~(x135^x140)^~(x135^x141)^~(x135^x142)^~(x136^x137)^~(x136^x138)^~(x136^x139)^~(x136^x140)^~(x136^x141)^~(x136^x142)^~(x137^x138)^~(x137^x139)^~(x137^x140)^~(x137^x141)^~(x137^x142)^~(x138^x139)^~(x138^x140)^~(x138^x141)^~(x138^x142)^~(x139^x140)^~(x139^x141)^~(x139^x142)^~(x140^x141)^~(x140^x142)^~(x141^x142)^(x143Vx144Vx145Vx146Vx147Vx148Vx149Vx150Vx151Vx152Vx153Vx154Vx155)^~(x143^x144)^~(x143^x145)^~(x143^x146)^~(x143^x147)^~(x143^x148)^~(x143^x149)^~(x143^x150)^~(x143^x151)^~(x143^x152)^~(x143^x153)^~(x143^x154)^~(x143^x155)^~(x144^x145)^~(x144^x146)^~(x144^x147)^~(x144^x148)^~(x144^x149)^~(x144^x150)^~(x144^x151)^~(x144^x152)^~(x144^x153)^~(x144^x154)^~(x144^x155)^~(x145^x146)^~(x145^x147)^~(x145^x148)^~(x145^x149)^~(x145^x150)^~(x145^x151)^~(x145^x152)^~(x145^x153)^~(x145^x154)^~(x145^x155)^~(x146^x147)^~(x146^x148)^~(x146^x149)^~(x146^x150)^~(x146^x151)^~(x146^x152)^~(x146^x153)^~(x146^x154)^~(x146^x155)^~(x147^x148)^~(x147^x149)^~(x147^x150)^~(x147^x151)^~(x147^x152)^~(x147^x153)^~(x147^x154)^~(x147^x155)^~(x148^x149)^~(x148^x150)^~(x148^x151)^~(x148^x152)^~(x148^x153)^~(x148^x154)^~(x148^x155)^~(x149^x150)^~(x149^x151)^~(x149^x152)^~(x149^x153)^~(x149^x154)^~(x149^x155)^~(x150^x151)^~(x150^x152)^~(x150^x153)^~(x150^x154)^~(x150^x155)^~(x151^x152)^~(x151^x153)^~(x151^x154)^~(x151^x155)^~(x152^x153)^~(x152^x154)^~(x152^x155)^~(x153^x154)^~(x153^x155)^~(x154^x155)^(x156Vx157Vx158Vx159Vx160Vx161Vx162Vx163Vx164Vx165Vx166Vx167Vx168)^~(x156^x157)^~(x156^x158)^~(x156^x159)^~(x156^x160)^~(x156^x161)^~(x156^x162)^~(x156^x163)^~(x156^x164)^~(x156^x165)^~(x156^x166)^~(x156^x167)^~(x156^x168)^~(x157^x158)^~(x157^x159)^~(x157^x160)^~(x157^x161)^~(x157^x162)^~(x157^x163)^~(x157^x164)^~(x157^x165)^~(x157^x166)^~(x157^x167)^~(x157^x168)^~(x158^x159)^~(x158^x160)^~(x158^x161)^~(x158^x162)^~(x158^x163)^~(x158^x164)^~(x158^x165)^~(x158^x166)^~(x158^x167)^~(x158^x168)^~(x159^x160)^~(x159^x161)^~(x159^x162)^~(x159^x163)^~(x159^x164)^~(x159^x165)^~(x159^x166)^~(x159^x167)^~(x159^x168)^~(x160^x161)^~(x160^x162)^~(x160^x163)^~(x160^x164)^~(x160^x165)^~(x160^x166)^~(x160^x167)^~(x160^x168)^~(x161^x162)^~(x161^x163)^~(x161^x164)^~(x161^x165)^~(x161^x166)^~(x161^x167)^~(x161^x168)^~(x162^x163)^~(x162^x164)^~(x162^x165)^~(x162^x166)^~(x162^x167)^~(x162^x168)^~(x163^x164)^~(x163^x165)^~(x163^x166)^~(x163^x167)^~(x163^x168)^~(x164^x165)^~(x164^x166)^~(x164^x167)^~(x164^x168)^~(x165^x166)^~(x165^x167)^~(x165^x168)^~(x166^x167)^~(x166^x168)^~(x167^x168)^(x169Vx170Vx171Vx172Vx173Vx174Vx175Vx176Vx177Vx178Vx179Vx180Vx181)^~(x169^x170)^~(x169^x171)^~(x169^x172)^~(x169^x173)^~(x169^x174)^~(x169^x175)^~(x169^x176)^~(x169^x177)^~(x169^x178)^~(x169^x179)^~(x169^x180)^~(x169^x181)^~(x170^x171)^~(x170^x172)^~(x170^x173)^~(x170^x174)^~(x170^x175)^~(x170^x176)^~(x170^x177)^~(x170^x178)^~(x170^x179)^~(x170^x180)^~(x170^x181)^~(x171^x172)^~(x171^x173)^~(x171^x174)^~(x171^x175)^~(x171^x176)^~(x171^x177)^~(x171^x178)^~(x171^x179)^~(x171^x180)^~(x171^x181)^~(x172^x173)^~(x172^x174)^~(x172^x175)^~(x172^x176)^~(x172^x177)^~(x172^x178)^~(x172^x179)^~(x172^x180)^~(x172^x181)^~(x173^x174)^~(x173^x175)^~(x173^x176)^~(x173^x177)^~(x173^x178)^~(x173^x179)^~(x173^x180)^~(x173^x181)^~(x174^x175)^~(x174^x176)^~(x174^x177)^~(x174^x178)^~(x174^x179)^~(x174^x180)^~(x174^x181)^~(x175^x176)^~(x175^x177)^~(x175^x178)^~(x175^x179)^~(x175^x180)^~(x175^x181)^~(x176^x177)^~(x176^x178)^~(x176^x179)^~(x176^x180)^~(x176^x181)^~(x177^x178)^~(x177^x179)^~(x177^x180)^~(x177^x181)^~(x178^x179)^~(x178^x180)^~(x178^x181)^~(x179^x180)^~(x179^x181)^~(x180^x181)^(x182Vx183Vx184Vx185Vx186Vx187Vx188Vx189Vx190Vx191Vx192Vx193Vx194)^~(x182^x183)^~(x182^x184)^~(x182^x185)^~(x182^x186)^~(x182^x187)^~(x182^x188)^~(x182^x189)^~(x182^x190)^~(x182^x191)^~(x182^x192)^~(x182^x193)^~(x182^x194)^~(x183^x184)^~(x183^x185)^~(x183^x186)^~(x183^x187)^~(x183^x188)^~(x183^x189)^~(x183^x190)^~(x183^x191)^~(x183^x192)^~(x183^x193)^~(x183^x194)^~(x184^x185)^~(x184^x186)^~(x184^x187)^~(x184^x188)^~(x184^x189)^~(x184^x190)^~(x184^x191)^~(x184^x192)^~(x184^x193)^~(x184^x194)^~(x185^x186)^~(x185^x187)^~(x185^x188)^~(x185^x189)^~(x185^x190)^~(x185^x191)^~(x185^x192)^~(x185^x193)^~(x185^x194)^~(x186^x187)^~(x186^x188)^~(x186^x189)^~(x186^x190)^~(x186^x191)^~(x186^x192)^~(x186^x193)^~(x186^x194)^~(x187^x188)^~(x187^x189)^~(x187^x190)^~(x187^x191)^~(x187^x192)^~(x187^x193)^~(x187^x194)^~(x188^x189)^~(x188^x190)^~(x188^x191)^~(x188^x192)^~(x188^x193)^~(x188^x194)^~(x189^x190)^~(x189^x191)^~(x189^x192)^~(x189^x193)^~(x189^x194)^~(x190^x191)^~(x190^x192)^~(x190^x193)^~(x190^x194)^~(x191^x192)^~(x191^x193)^~(x191^x194)^~(x192^x193)^~(x192^x194)^~(x193^x194)