(x0Vx1)^~(x0^x1)^(x2Vx3)^~(x2^x3)^(x4Vx5)^~(x4^x5)^(x6Vx7)^~(x6^x2)^~(x7^x3)^~(x6^x7)