(x0Vx1Vx2Vx3Vx4Vx5Vx6Vx7Vx8Vx9Vx10Vx11)^~(x0^x1)^~(x0^x2)^~(x0^x3)^~(x0^x4)^~(x0^x5)^~(x0^x6)^~(x0^x7)^~(x0^x8)^~(x0^x9)^~(x0^x10)^~(x0^x11)^~(x1^x2)^~(x1^x3)^~(x1^x4)^~(x1^x5)^~(x1^x6)^~(x1^x7)^~(x1^x8)^~(x1^x9)^~(x1^x10)^~(x1^x11)^~(x2^x3)^~(x2^x4)^~(x2^x5)^~(x2^x6)^~(x2^x7)^~(x2^x8)^~(x2^x9)^~(x2^x10)^~(x2^x11)^~(x3^x4)^~(x3^x5)^~(x3^x6)^~(x3^x7)^~(x3^x8)^~(x3^x9)^~(x3^x10)^~(x3^x11)^~(x4^x5)^~(x4^x6)^~(x4^x7)^~(x4^x8)^~(x4^x9)^~(x4^x10)^~(x4^x11)^~(x5^x6)^~(x5^x7)^~(x5^x8)^~(x5^x9)^~(x5^x10)^~(x5^x11)^~(x6^x7)^~(x6^x8)^~(x6^x9)^~(x6^x10)^~(x6^x11)^~(x7^x8)^~(x7^x9)^~(x7^x10)^~(x7^x11)^~(x8^x9)^~(x8^x10)^~(x8^x11)^~(x9^x10)^~(x9^x11)^~(x10^x11)^(x12Vx13Vx14Vx15Vx16Vx17Vx18Vx19Vx20Vx21Vx22Vx23)^~(x12^x36)^~(x13^x37)^~(x14^x38)^~(x15^x39)^~(x16^x40)^~(x17^x41)^~(x18^x42)^~(x19^x43)^~(x20^x44)^~(x21^x45)^~(x22^x46)^~(x23^x47)^~(x12^x72)^~(x13^x73)^~(x14^x74)^~(x15^x75)^~(x16^x76)^~(x17^x77)^~(x18^x78)^~(x19^x79)^~(x20^x80)^~(x21^x81)^~(x22^x82)^~(x23^x83)^~(x12^x13)^~(x12^x14)^~(x12^x15)^~(x12^x16)^~(x12^x17)^~(x12^x18)^~(x12^x19)^~(x12^x20)^~(x12^x21)^~(x12^x22)^~(x12^x23)^~(x13^x14)^~(x13^x15)^~(x13^x16)^~(x13^x17)^~(x13^x18)^~(x13^x19)^~(x13^x20)^~(x13^x21)^~(x13^x22)^~(x13^x23)^~(x14^x15)^~(x14^x16)^~(x14^x17)^~(x14^x18)^~(x14^x19)^~(x14^x20)^~(x14^x21)^~(x14^x22)^~(x14^x23)^~(x15^x16)^~(x15^x17)^~(x15^x18)^~(x15^x19)^~(x15^x20)^~(x15^x21)^~(x15^x22)^~(x15^x23)^~(x16^x17)^~(x16^x18)^~(x16^x19)^~(x16^x20)^~(x16^x21)^~(x16^x22)^~(x16^x23)^~(x17^x18)^~(x17^x19)^~(x17^x20)^~(x17^x21)^~(x17^x22)^~(x17^x23)^~(x18^x19)^~(x18^x20)^~(x18^x21)^~(x18^x22)^~(x18^x23)^~(x19^x20)^~(x19^x21)^~(x19^x22)^~(x19^x23)^~(x20^x21)^~(x20^x22)^~(x20^x23)^~(x21^x22)^~(x21^x23)^~(x22^x23)^(x24Vx25Vx26Vx27Vx28Vx29Vx30Vx31Vx32Vx33Vx34Vx35)^~(x24^x25)^~(x24^x26)^~(x24^x27)^~(x24^x28)^~(x24^x29)^~(x24^x30)^~(x24^x31)^~(x24^x32)^~(x24^x33)^~(x24^x34)^~(x24^x35)^~(x25^x26)^~(x25^x27)^~(x25^x28)^~(x25^x29)^~(x25^x30)^~(x25^x31)^~(x25^x32)^~(x25^x33)^~(x25^x34)^~(x25^x35)^~(x26^x27)^~(x26^x28)^~(x26^x29)^~(x26^x30)^~(x26^x31)^~(x26^x32)^~(x26^x33)^~(x26^x34)^~(x26^x35)^~(x27^x28)^~(x27^x29)^~(x27^x30)^~(x27^x31)^~(x27^x32)^~(x27^x33)^~(x27^x34)^~(x27^x35)^~(x28^x29)^~(x28^x30)^~(x28^x31)^~(x28^x32)^~(x28^x33)^~(x28^x34)^~(x28^x35)^~(x29^x30)^~(x29^x31)^~(x29^x32)^~(x29^x33)^~(x29^x34)^~(x29^x35)^~(x30^x31)^~(x30^x32)^~(x30^x33)^~(x30^x34)^~(x30^x35)^~(x31^x32)^~(x31^x33)^~(x31^x34)^~(x31^x35)^~(x32^x33)^~(x32^x34)^~(x32^x35)^~(x33^x34)^~(x33^x35)^~(x34^x35)^(x36Vx37Vx38Vx39Vx40Vx41Vx42Vx43Vx44Vx45Vx46Vx47)^~(x36^x72)^~(x37^x73)^~(x38^x74)^~(x39^x75)^~(x40^x76)^~(x41^x77)^~(x42^x78)^~(x43^x79)^~(x44^x80)^~(x45^x81)^~(x46^x82)^~(x47^x83)^~(x36^x37)^~(x36^x38)^~(x36^x39)^~(x36^x40)^~(x36^x41)^~(x36^x42)^~(x36^x43)^~(x36^x44)^~(x36^x45)^~(x36^x46)^~(x36^x47)^~(x37^x38)^~(x37^x39)^~(x37^x40)^~(x37^x41)^~(x37^x42)^~(x37^x43)^~(x37^x44)^~(x37^x45)^~(x37^x46)^~(x37^x47)^~(x38^x39)^~(x38^x40)^~(x38^x41)^~(x38^x42)^~(x38^x43)^~(x38^x44)^~(x38^x45)^~(x38^x46)^~(x38^x47)^~(x39^x40)^~(x39^x41)^~(x39^x42)^~(x39^x43)^~(x39^x44)^~(x39^x45)^~(x39^x46)^~(x39^x47)^~(x40^x41)^~(x40^x42)^~(x40^x43)^~(x40^x44)^~(x40^x45)^~(x40^x46)^~(x40^x47)^~(x41^x42)^~(x41^x43)^~(x41^x44)^~(x41^x45)^~(x41^x46)^~(x41^x47)^~(x42^x43)^~(x42^x44)^~(x42^x45)^~(x42^x46)^~(x42^x47)^~(x43^x44)^~(x43^x45)^~(x43^x46)^~(x43^x47)^~(x44^x45)^~(x44^x46)^~(x44^x47)^~(x45^x46)^~(x45^x47)^~(x46^x47)^(x48Vx49Vx50Vx51Vx52Vx53Vx54Vx55Vx56Vx57Vx58Vx59)^~(x48^x12)^~(x49^x13)^~(x50^x14)^~(x51^x15)^~(x52^x16)^~(x53^x17)^~(x54^x18)^~(x55^x19)^~(x56^x20)^~(x57^x21)^~(x58^x22)^~(x59^x23)^~(x48^x24)^~(x49^x25)^~(x50^x26)^~(x51^x27)^~(x52^x28)^~(x53^x29)^~(x54^x30)^~(x55^x31)^~(x56^x32)^~(x57^x33)^~(x58^x34)^~(x59^x35)^~(x48^x49)^~(x48^x50)^~(x48^x51)^~(x48^x52)^~(x48^x53)^~(x48^x54)^~(x48^x55)^~(x48^x56)^~(x48^x57)^~(x48^x58)^~(x48^x59)^~(x49^x50)^~(x49^x51)^~(x49^x52)^~(x49^x53)^~(x49^x54)^~(x49^x55)^~(x49^x56)^~(x49^x57)^~(x49^x58)^~(x49^x59)^~(x50^x51)^~(x50^x52)^~(x50^x53)^~(x50^x54)^~(x50^x55)^~(x50^x56)^~(x50^x57)^~(x50^x58)^~(x50^x59)^~(x51^x52)^~(x51^x53)^~(x51^x54)^~(x51^x55)^~(x51^x56)^~(x51^x57)^~(x51^x58)^~(x51^x59)^~(x52^x53)^~(x52^x54)^~(x52^x55)^~(x52^x56)^~(x52^x57)^~(x52^x58)^~(x52^x59)^~(x53^x54)^~(x53^x55)^~(x53^x56)^~(x53^x57)^~(x53^x58)^~(x53^x59)^~(x54^x55)^~(x54^x56)^~(x54^x57)^~(x54^x58)^~(x54^x59)^~(x55^x56)^~(x55^x57)^~(x55^x58)^~(x55^x59)^~(x56^x57)^~(x56^x58)^~(x56^x59)^~(x57^x58)^~(x57^x59)^~(x58^x59)^(x60Vx61Vx62Vx63Vx64Vx65Vx66Vx67Vx68Vx69Vx70Vx71)^~(x60^x36)^~(x61^x37)^~(x62^x38)^~(x63^x39)^~(x64^x40)^~(x65^x41)^~(x66^x42)^~(x67^x43)^~(x68^x44)^~(x69^x45)^~(x70^x46)^~(x71^x47)^~(x60^x61)^~(x60^x62)^~(x60^x63)^~(x60^x64)^~(x60^x65)^~(x60^x66)^~(x60^x67)^~(x60^x68)^~(x60^x69)^~(x60^x70)^~(x60^x71)^~(x61^x62)^~(x61^x63)^~(x61^x64)^~(x61^x65)^~(x61^x66)^~(x61^x67)^~(x61^x68)^~(x61^x69)^~(x61^x70)^~(x61^x71)^~(x62^x63)^~(x62^x64)^~(x62^x65)^~(x62^x66)^~(x62^x67)^~(x62^x68)^~(x62^x69)^~(x62^x70)^~(x62^x71)^~(x63^x64)^~(x63^x65)^~(x63^x66)^~(x63^x67)^~(x63^x68)^~(x63^x69)^~(x63^x70)^~(x63^x71)^~(x64^x65)^~(x64^x66)^~(x64^x67)^~(x64^x68)^~(x64^x69)^~(x64^x70)^~(x64^x71)^~(x65^x66)^~(x65^x67)^~(x65^x68)^~(x65^x69)^~(x65^x70)^~(x65^x71)^~(x66^x67)^~(x66^x68)^~(x66^x69)^~(x66^x70)^~(x66^x71)^~(x67^x68)^~(x67^x69)^~(x67^x70)^~(x67^x71)^~(x68^x69)^~(x68^x70)^~(x68^x71)^~(x69^x70)^~(x69^x71)^~(x70^x71)^(x72Vx73Vx74Vx75Vx76Vx77Vx78Vx79Vx80Vx81Vx82Vx83)^~(x72^x48)^~(x73^x49)^~(x74^x50)^~(x75^x51)^~(x76^x52)^~(x77^x53)^~(x78^x54)^~(x79^x55)^~(x80^x56)^~(x81^x57)^~(x82^x58)^~(x83^x59)^~(x72^x60)^~(x73^x61)^~(x74^x62)^~(x75^x63)^~(x76^x64)^~(x77^x65)^~(x78^x66)^~(x79^x67)^~(x80^x68)^~(x81^x69)^~(x82^x70)^~(x83^x71)^~(x72^x73)^~(x72^x74)^~(x72^x75)^~(x72^x76)^~(x72^x77)^~(x72^x78)^~(x72^x79)^~(x72^x80)^~(x72^x81)^~(x72^x82)^~(x72^x83)^~(x73^x74)^~(x73^x75)^~(x73^x76)^~(x73^x77)^~(x73^x78)^~(x73^x79)^~(x73^x80)^~(x73^x81)^~(x73^x82)^~(x73^x83)^~(x74^x75)^~(x74^x76)^~(x74^x77)^~(x74^x78)^~(x74^x79)^~(x74^x80)^~(x74^x81)^~(x74^x82)^~(x74^x83)^~(x75^x76)^~(x75^x77)^~(x75^x78)^~(x75^x79)^~(x75^x80)^~(x75^x81)^~(x75^x82)^~(x75^x83)^~(x76^x77)^~(x76^x78)^~(x76^x79)^~(x76^x80)^~(x76^x81)^~(x76^x82)^~(x76^x83)^~(x77^x78)^~(x77^x79)^~(x77^x80)^~(x77^x81)^~(x77^x82)^~(x77^x83)^~(x78^x79)^~(x78^x80)^~(x78^x81)^~(x78^x82)^~(x78^x83)^~(x79^x80)^~(x79^x81)^~(x79^x82)^~(x79^x83)^~(x80^x81)^~(x80^x82)^~(x80^x83)^~(x81^x82)^~(x81^x83)^~(x82^x83)