(x0Vx1)^~(x0^x6)^~(x1^x7)^~(x0^x1)^(x2Vx3)^~(x2^x6)^~(x3^x7)^~(x2^x8)^~(x3^x9)^~(x2^x3)^(x4Vx5)^~(x4^x5)^(x6Vx7)^~(x6^x8)^~(x7^x9)^~(x6^x7)^(x8Vx9)^~(x8^x4)^~(x9^x5)^~(x8^x9)