(x0Vx1Vx2Vx3)^~(x0^x4)^~(x1^x5)^~(x2^x6)^~(x3^x7)^~(x0^x8)^~(x1^x9)^~(x2^x10)^~(x3^x11)^~(x0^x12)^~(x1^x13)^~(x2^x14)^~(x3^x15)^~(x0^x20)^~(x1^x21)^~(x2^x22)^~(x3^x23)^~(x0^x1)^~(x0^x2)^~(x0^x3)^~(x1^x2)^~(x1^x3)^~(x2^x3)^(x4Vx5Vx6Vx7)^~(x4^x16)^~(x5^x17)^~(x6^x18)^~(x7^x19)^~(x4^x5)^~(x4^x6)^~(x4^x7)^~(x5^x6)^~(x5^x7)^~(x6^x7)^(x8Vx9Vx10Vx11)^~(x8^x4)^~(x9^x5)^~(x10^x6)^~(x11^x7)^~(x8^x16)^~(x9^x17)^~(x10^x18)^~(x11^x19)^~(x8^x20)^~(x9^x21)^~(x10^x22)^~(x11^x23)^~(x8^x9)^~(x8^x10)^~(x8^x11)^~(x9^x10)^~(x9^x11)^~(x10^x11)^(x12Vx13Vx14Vx15)^~(x12^x13)^~(x12^x14)^~(x12^x15)^~(x13^x14)^~(x13^x15)^~(x14^x15)^(x16Vx17Vx18Vx19)^~(x16^x17)^~(x16^x18)^~(x16^x19)^~(x17^x18)^~(x17^x19)^~(x18^x19)^(x20Vx21Vx22Vx23)^~(x20^x12)^~(x21^x13)^~(x22^x14)^~(x23^x15)^~(x20^x21)^~(x20^x22)^~(x20^x23)^~(x21^x22)^~(x21^x23)^~(x22^x23)