(x0Vx1Vx2)^~(x0^x12)^~(x1^x13)^~(x2^x14)^~(x0^x1)^~(x0^x2)^~(x1^x2)^(x3Vx4Vx5)^~(x3^x4)^~(x3^x5)^~(x4^x5)^(x6Vx7Vx8)^~(x6^x3)^~(x7^x4)^~(x8^x5)^~(x6^x7)^~(x6^x8)^~(x7^x8)^(x9Vx10Vx11)^~(x9^x12)^~(x10^x13)^~(x11^x14)^~(x9^x10)^~(x9^x11)^~(x10^x11)^(x12Vx13Vx14)^~(x12^x6)^~(x13^x7)^~(x14^x8)^~(x12^x13)^~(x12^x14)^~(x13^x14)