(x0Vx1Vx2Vx3)^~(x0^x8)^~(x1^x9)^~(x2^x10)^~(x3^x11)^~(x0^x1)^~(x0^x2)^~(x0^x3)^~(x1^x2)^~(x1^x3)^~(x2^x3)^(x4Vx5Vx6Vx7)^~(x4^x16)^~(x5^x17)^~(x6^x18)^~(x7^x19)^~(x4^x5)^~(x4^x6)^~(x4^x7)^~(x5^x6)^~(x5^x7)^~(x6^x7)^(x8Vx9Vx10Vx11)^~(x8^x9)^~(x8^x10)^~(x8^x11)^~(x9^x10)^~(x9^x11)^~(x10^x11)^(x12Vx13Vx14Vx15)^~(x12^x16)^~(x13^x17)^~(x14^x18)^~(x15^x19)^~(x12^x13)^~(x12^x14)^~(x12^x15)^~(x13^x14)^~(x13^x15)^~(x14^x15)^(x16Vx17Vx18Vx19)^~(x16^x17)^~(x16^x18)^~(x16^x19)^~(x17^x18)^~(x17^x19)^~(x18^x19)